################################################################################
#                                                                              #
#      IAR Universal Linker V6.5.1.95                                          #
#                                                                              #
#           Link time     =  14/Aug/2019  22:07:35                             #
#           Target CPU    =  MSP430                                            #
#           List file     =  C:\Users\’≈÷ﬁ√»\Desktop\MSP430F5529Project-temp\D #
#                            ebug\List\Project.map                             #
#           Output file 1 =  C:\Users\’≈÷ﬁ√»\Desktop\MSP430F5529Project-temp\D #
#                            ebug\Exe\Project.d43                              #
#                            Format: ubrof10                                   #
#                            UBROF version 10.0.6                              #
#                            Using library modules for C-SPY (-rt)             #
#           Command line  =  -f                                                #
#                            C:\Users\’≈÷ﬁ√»\AppData\Local\Temp\EW3485.tmp     #
#                            (C:\Users\’≈÷ﬁ√»\Desktop\MSP430F5529Project-temp\ #
#                            Debug\Obj\bsp.r43                                 #
#                            C:\Users\’≈÷ﬁ√»\Desktop\MSP430F5529Project-temp\D #
#                            ebug\Obj\bsp_fdc2214.r43                          #
#                            C:\Users\’≈÷ﬁ√»\Desktop\MSP430F5529Project-temp\D #
#                            ebug\Obj\bsp_iic.r43                              #
#                            C:\Users\’≈÷ﬁ√»\Desktop\MSP430F5529Project-temp\D #
#                            ebug\Obj\bsp_sysclk.r43                           #
#                            C:\Users\’≈÷ﬁ√»\Desktop\MSP430F5529Project-temp\D #
#                            ebug\Obj\bsp_uart.r43                             #
#                            C:\Users\’≈÷ﬁ√»\Desktop\MSP430F5529Project-temp\D #
#                            ebug\Obj\main.r43                                 #
#                            -o                                                #
#                            C:\Users\’≈÷ﬁ√»\Desktop\MSP430F5529Project-temp\D #
#                            ebug\Exe\Project.d43                              #
#                            -l                                                #
#                            C:\Users\’≈÷ﬁ√»\Desktop\MSP430F5529Project-temp\D #
#                            ebug\List\Project.map                             #
#                            -xms                                              #
#                            "-ID:\Program Files (x86)\IAR Systems\Embedded Wo #
#                            rkbench 8.0\430\LIB\"                             #
#                            -f                                                #
#                            "D:\Program Files (x86)\IAR Systems\Embedded Work #
#                            bench 8.0\430\config\linker\lnk430f5529.xcl"      #
#                            (-cmsp430 -D?CPU30_OFFSET=2 -QCODE_I=CODE_ID      #
#                            -QTLS16_I=TLS16_ID -D__iar_HWMUL=4C0              #
#                            -Z(CONST)INFO=1800-19FF                           #
#                            -Z(CONST)INFOA=1980-19FF                          #
#                            -Z(CONST)INFOB=1900-197F                          #
#                            -Z(CONST)INFOC=1880-18FF                          #
#                            -Z(CONST)INFOD=1800-187F                          #
#                            -Z(DATA)USBRAM=1C00-23FF                          #
#                            -Z(DATA)DATA16_I,DATA16_Z,DATA16_N,TLS16_I=2400-4 #
#                            3FF                                               #
#                            -Z(DATA)DATA16_HEAP+_DATA16_HEAP_SIZE             #
#                            -Z(DATA)CODE_I                                    #
#                            -Z(DATA)DATA20_I,DATA20_Z,DATA20_N,DATA20_HEAP+_D #
#                            ATA20_HEAP_SIZE                                   #
#                            -Z(DATA)CSTACK+_STACK_SIZE#                       #
#                            -Z(CONST)DATA16_C,DATA16_ID,TLS16_ID,DIFUNCT,CHEC #
#                            KSUM=4400-FF7F                                    #
#                            -Z(CODE)CSTART,ISR_CODE,CODE16=4400-FF7F          #
#                            -P(CODE)CODE=4400-FF7F,10000-243FF                #
#                            -Z(CONST)DATA20_C,DATA20_ID,CODE_ID=4400-FF7F,100 #
#                            40-243FF                                          #
#                            -Z(CODE)INTVEC=FF80-FFFF                          #
#                            -Z(CODE)RESET=FFFE-FFFF) -f                       #
#                            "D:\Program Files (x86)\IAR Systems\Embedded Work #
#                            bench 8.0\430\config\linker\multiplier32.xcl"     #
#                            (-e?Mul8Hw=?Mul8 -e?Mul16Hw=?Mul16                #
#                            -e?Mul16to32uHw=?Mul16to32u                       #
#                            -e?Mul16to32sHw=?Mul16to32s -e?Mul32Hw32=?Mul32   #
#                            -e?Mul64Hw32=_Mul64i                              #
#                            -e?Mul32u32uto64iHw32=_Mul32u32uto64i             #
#                            -e?Mul32fHw32=_Mul32f                             #
#                            -e_Mul64fHw32Ptr=_Mul64fPtr) -D_STACK_SIZE=A0     #
#                            -rt                                               #
#                            "D:\Program Files (x86)\IAR Systems\Embedded Work #
#                            bench 8.0\430\lib\dlib\dl430xlsfn.r43"            #
#                            -e_PrintfLarge=_Printf -e_ScanfLarge=_Scanf       #
#                            -D_DATA16_HEAP_SIZE=A0 -s __program_start         #
#                            -D_DATA20_HEAP_SIZE=50)                           #
#                                                                              #
#                           Copyright (C) 1987-2016 IAR Systems AB.            #
################################################################################





                ****************************************
                *                                      *
                *           CROSS REFERENCE            *
                *                                      *
                ****************************************

       Program entry at :           449E  Relocatable, from module : ?cstart




                ****************************************
                *                                      *
                *            RUNTIME MODEL             *
                *                                      *
                ****************************************

  __Heap_Handler             = Basic
  __SystemLibrary            = DLib
  __code_model               = large
  __core                     = 430X
  __data_model               = small
  __dlib_file_descriptor     = 0
  __dlib_full_locale_support = 0
  __double_size              = 32
  __pic                      = no
  __reg_r4                   = free
  __reg_r5                   = free
  __rt_version               = 3

                ****************************************
                *                                      *
                *    AUTOMATIC SYMBOL REDIRECTIONS     *
                *                                      *
                ****************************************

                  There are no automatic symbol redirections.



                ****************************************
                *                                      *
                *              MODULE MAP              *
                *                                      *
                ****************************************


  DEFINED ABSOLUTE ENTRIES
    *************************************************************************

  DEFINED ABSOLUTE ENTRIES
  PROGRAM MODULE, NAME : ?ABS_ENTRY_MOD

Absolute parts
           ENTRY                   ADDRESS         REF BY
           =====                   =======         ======
           _DATA20_HEAP_SIZE       0050 
           _DATA16_HEAP_SIZE       00A0 
           _STACK_SIZE             00A0 
           __iar_HWMUL             04C0            ?Mul16to32sHw (?Mul16to32sHw)
                                                   ?Mul32fHw32 (?Mul32fHw32)
                                                   Port1_ISR (main)
                                                   Segment part 1 (?Mul8Hw)
           ?CPU30_OFFSET           0002 
    *************************************************************************

  FILE NAME : C:\Users\’≈÷ﬁ√»\Desktop\MSP430F5529Project-temp\Debug\Obj\bsp.r43
  PROGRAM MODULE, NAME : bsp

  SEGMENTS IN THE MODULE
  ======================
<CODE> 1 (was CODE)
  Relative segment, address: 62AE - 62CF (0x22 bytes), align: 1
  Segment part 2.
           ENTRY                   ADDRESS         REF BY
           =====                   =======         ======
           bsp_Init                62AE            main (main)
               calls direct

    *************************************************************************

  FILE NAME : C:\Users\’≈÷ﬁ√»\Desktop\MSP430F5529Project-temp\Debug\Obj\bsp_fdc2214.r43
  PROGRAM MODULE, NAME : bsp_fdc2214

  SEGMENTS IN THE MODULE
  ======================
<CODE> 1 (was CODE)
  Relative segment, address: 5D78 - 5DC7 (0x50 bytes), align: 1
  Segment part 2.             Intra module refs:   InitSinglefdc2214
           ENTRY                   ADDRESS         REF BY
           =====                   =======         ======
           WriteRegfdc2214         5D78 
               calls direct
    -------------------------------------------------------------------------
<CODE> 1 (was CODE)
  Relative segment, address: 5D28 - 5D77 (0x50 bytes), align: 1
  Segment part 3.
           ENTRY                   ADDRESS         REF BY
           =====                   =======         ======
           ReadRegfdc2214          5D28            main (main)
               calls direct
    -------------------------------------------------------------------------
<CODE> 1 (was CODE)
  Relative segment, address: 5E18 - 5E65 (0x4e bytes), align: 1
  Segment part 4.
           ENTRY                   ADDRESS         REF BY
           =====                   =======         ======
           InitSinglefdc2214       5E18            bsp_Init (bsp)
               calls direct

    *************************************************************************

  FILE NAME : C:\Users\’≈÷ﬁ√»\Desktop\MSP430F5529Project-temp\Debug\Obj\bsp_iic.r43
  PROGRAM MODULE, NAME : bsp_iic

  SEGMENTS IN THE MODULE
  ======================
DATA16_AN
  Relative segment, address: 0220 - 0221 (0x2 bytes), align: 0
  Segment part 1. ROOT        Intra module refs:   IIC_Read_Byte
                                                   IIC_Wait_Ack
           ENTRY                   ADDRESS         REF BY
           =====                   =======         ======
           _A_PBIN_L               0220 
           LOCAL                   ADDRESS         
           =====                   =======         
           PBIN                    0220 
           PBIN_H                  0221 
           PBIN_L                  0220 
    -------------------------------------------------------------------------
DATA16_AN
  Relative segment, address: 0222 - 0223 (0x2 bytes), align: 0
  Segment part 2. ROOT        Intra module refs:   IIC_Ack
                                                   IIC_Init
                                                   IIC_NAck
                                                   IIC_Read_Byte
                                                   IIC_Send_Byte
                                                   IIC_Start
                                                   IIC_Stop
                                                   IIC_Wait_Ack
                                                   write_cmd (main)
                                                   write_dat (main)
           ENTRY                   ADDRESS         REF BY
           =====                   =======         ======
           _A_PBOUT_L              0222 
           LOCAL                   ADDRESS         
           =====                   =======         
           PBOUT                   0222 
           PBOUT_H                 0223 
           PBOUT_L                 0222 
    -------------------------------------------------------------------------
DATA16_AN
  Relative segment, address: 0224 - 0225 (0x2 bytes), align: 0
  Segment part 3. ROOT        Intra module refs:   IIC_Ack
                                                   IIC_Init
                                                   IIC_NAck
                                                   IIC_Read_Byte
                                                   IIC_Send_Byte
                                                   IIC_Start
                                                   IIC_Stop
                                                   IIC_Wait_Ack
                                                   main (main)
           ENTRY                   ADDRESS         REF BY
           =====                   =======         ======
           _A_PBDIR_L              0224 
           LOCAL                   ADDRESS         
           =====                   =======         
           PBDIR                   0224 
           PBDIR_H                 0225 
           PBDIR_L                 0224 
    -------------------------------------------------------------------------
<CODE> 1 (was CODE)
  Relative segment, address: 6464 - 6473 (0x10 bytes), align: 1
  Segment part 5.
           ENTRY                   ADDRESS         REF BY
           =====                   =======         ======
           IIC_Init                6464            bsp_Init (bsp)
    -------------------------------------------------------------------------
<CODE> 1 (was CODE)
  Relative segment, address: 6216 - 623B (0x26 bytes), align: 1
  Segment part 6.
           ENTRY                   ADDRESS         REF BY
           =====                   =======         ======
           IIC_Start               6216            ReadRegfdc2214 (bsp_fdc2214)
                                                   WriteRegfdc2214 (bsp_fdc2214)
    -------------------------------------------------------------------------
<CODE> 1 (was CODE)
  Relative segment, address: 61F0 - 6215 (0x26 bytes), align: 1
  Segment part 7.             Intra module refs:   IIC_Wait_Ack
           ENTRY                   ADDRESS         REF BY
           =====                   =======         ======
           IIC_Stop                61F0            ReadRegfdc2214 (bsp_fdc2214)
                                                   WriteRegfdc2214 (bsp_fdc2214)
    -------------------------------------------------------------------------
<CODE> 1 (was CODE)
  Relative segment, address: 6048 - 607F (0x38 bytes), align: 1
  Segment part 8.
           ENTRY                   ADDRESS         REF BY
           =====                   =======         ======
           IIC_Wait_Ack            6048            ReadRegfdc2214 (bsp_fdc2214)
                                                   WriteRegfdc2214 (bsp_fdc2214)
               calls direct
    -------------------------------------------------------------------------
<CODE> 1 (was CODE)
  Relative segment, address: 6288 - 62AD (0x26 bytes), align: 1
  Segment part 9.             Intra module refs:   IIC_Read_Byte
           ENTRY                   ADDRESS         REF BY
           =====                   =======         ======
           IIC_Ack                 6288 
    -------------------------------------------------------------------------
<CODE> 1 (was CODE)
  Relative segment, address: 62F2 - 6313 (0x22 bytes), align: 1
  Segment part 10.            Intra module refs:   IIC_Read_Byte
           ENTRY                   ADDRESS         REF BY
           =====                   =======         ======
           IIC_NAck                62F2 
    -------------------------------------------------------------------------
<CODE> 1 (was CODE)
  Relative segment, address: 5DC8 - 5E17 (0x50 bytes), align: 1
  Segment part 11.
           ENTRY                   ADDRESS         REF BY
           =====                   =======         ======
           IIC_Send_Byte           5DC8            ReadRegfdc2214 (bsp_fdc2214)
                                                   WriteRegfdc2214 (bsp_fdc2214)
    -------------------------------------------------------------------------
<CODE> 1 (was CODE)
  Relative segment, address: 5F86 - 5FC9 (0x44 bytes), align: 1
  Segment part 12.
           ENTRY                   ADDRESS         REF BY
           =====                   =======         ======
           IIC_Read_Byte           5F86            ReadRegfdc2214 (bsp_fdc2214)
               calls direct

    *************************************************************************

  FILE NAME : C:\Users\’≈÷ﬁ√»\Desktop\MSP430F5529Project-temp\Debug\Obj\bsp_sysclk.r43
  PROGRAM MODULE, NAME : bsp_sysclk

  SEGMENTS IN THE MODULE
  ======================
DATA16_AN
  Relative segment, address: 024A - 024B (0x2 bytes), align: 0
  Segment part 1. ROOT        Intra module refs:   init_CLK
           ENTRY                   ADDRESS         REF BY
           =====                   =======         ======
           _A_PCSEL_L              024A 
           LOCAL                   ADDRESS         
           =====                   =======         
           PCSEL                   024A 
           PCSEL_H                 024B 
           PCSEL_L                 024A 
    -------------------------------------------------------------------------
DATA16_AN
  Relative segment, address: 0102 - 0103 (0x2 bytes), align: 0
  Segment part 2. ROOT        Intra module refs:   init_CLK
           ENTRY                   ADDRESS         REF BY
           =====                   =======         ======
           _A_SFRIFG1_L            0102 
           LOCAL                   ADDRESS         
           =====                   =======         
           SFRIFG1                 0102 
           SFRIFG1_H               0103 
           SFRIFG1_L               0102 
    -------------------------------------------------------------------------
DATA16_AN
  Relative segment, address: 0160 - 0161 (0x2 bytes), align: 0
  Segment part 3. ROOT        Intra module refs:   init_CLK
           ENTRY                   ADDRESS         REF BY
           =====                   =======         ======
           _A_UCSCTL0_L            0160 
           LOCAL                   ADDRESS         
           =====                   =======         
           UCSCTL0                 0160 
           UCSCTL0_H               0161 
           UCSCTL0_L               0160 
    -------------------------------------------------------------------------
DATA16_AN
  Relative segment, address: 0162 - 0163 (0x2 bytes), align: 0
  Segment part 4. ROOT        Intra module refs:   init_CLK
           ENTRY                   ADDRESS         REF BY
           =====                   =======         ======
           _A_UCSCTL1_L            0162 
           LOCAL                   ADDRESS         
           =====                   =======         
           UCSCTL1                 0162 
           UCSCTL1_H               0163 
           UCSCTL1_L               0162 
    -------------------------------------------------------------------------
DATA16_AN
  Relative segment, address: 0164 - 0165 (0x2 bytes), align: 0
  Segment part 5. ROOT        Intra module refs:   init_CLK
           ENTRY                   ADDRESS         REF BY
           =====                   =======         ======
           _A_UCSCTL2_L            0164 
           LOCAL                   ADDRESS         
           =====                   =======         
           UCSCTL2                 0164 
           UCSCTL2_H               0165 
           UCSCTL2_L               0164 
    -------------------------------------------------------------------------
DATA16_AN
  Relative segment, address: 0166 - 0167 (0x2 bytes), align: 0
  Segment part 6. ROOT        Intra module refs:   init_CLK
           ENTRY                   ADDRESS         REF BY
           =====                   =======         ======
           _A_UCSCTL3_L            0166 
           LOCAL                   ADDRESS         
           =====                   =======         
           UCSCTL3                 0166 
           UCSCTL3_H               0167 
           UCSCTL3_L               0166 
    -------------------------------------------------------------------------
DATA16_AN
  Relative segment, address: 0168 - 0169 (0x2 bytes), align: 0
  Segment part 7. ROOT        Intra module refs:   init_CLK
           ENTRY                   ADDRESS         REF BY
           =====                   =======         ======
           _A_UCSCTL4_L            0168 
           LOCAL                   ADDRESS         
           =====                   =======         
           UCSCTL4                 0168 
           UCSCTL4_H               0169 
           UCSCTL4_L               0168 
    -------------------------------------------------------------------------
DATA16_AN
  Relative segment, address: 016C - 016D (0x2 bytes), align: 0
  Segment part 8. ROOT        Intra module refs:   init_CLK
           ENTRY                   ADDRESS         REF BY
           =====                   =======         ======
           _A_UCSCTL6_L            016C 
           LOCAL                   ADDRESS         
           =====                   =======         
           UCSCTL6                 016C 
           UCSCTL6_H               016D 
           UCSCTL6_L               016C 
    -------------------------------------------------------------------------
DATA16_AN
  Relative segment, address: 016E - 016F (0x2 bytes), align: 0
  Segment part 9. ROOT        Intra module refs:   init_CLK
           ENTRY                   ADDRESS         REF BY
           =====                   =======         ======
           _A_UCSCTL7_L            016E 
           LOCAL                   ADDRESS         
           =====                   =======         
           UCSCTL7                 016E 
           UCSCTL7_H               016F 
           UCSCTL7_L               016E 
    -------------------------------------------------------------------------
<CODE> 1 (was CODE)
  Relative segment, address: 5EB2 - 5EF9 (0x48 bytes), align: 1
  Segment part 11.
           ENTRY                   ADDRESS         REF BY
           =====                   =======         ======
           init_CLK                5EB2            bsp_Init (bsp)

    *************************************************************************

  FILE NAME : C:\Users\’≈÷ﬁ√»\Desktop\MSP430F5529Project-temp\Debug\Obj\bsp_uart.r43
  PROGRAM MODULE, NAME : bsp_uart

  SEGMENTS IN THE MODULE
  ======================
DATA16_AN
  Relative segment, address: 022A - 022B (0x2 bytes), align: 0
  Segment part 1. ROOT        Intra module refs:   UART_Init
           ENTRY                   ADDRESS         REF BY
           =====                   =======         ======
           _A_PBSEL_L              022A 
           LOCAL                   ADDRESS         
           =====                   =======         
           PBSEL                   022A 
           PBSEL_H                 022B 
           PBSEL_L                 022A 
    -------------------------------------------------------------------------
DATA16_AN
  Relative segment, address: 0600 - 0601 (0x2 bytes), align: 0
  Segment part 2. ROOT        Intra module refs:   UART_Init
           ENTRY                   ADDRESS         REF BY
           =====                   =======         ======
           _A_UCA1CTLW0_L          0600 
           LOCAL                   ADDRESS         
           =====                   =======         
           UCA1CTLW0               0600 
           UCA1CTLW0_H             0601 
           UCA1CTLW0_L             0600 
    -------------------------------------------------------------------------
DATA16_AN
  Relative segment, address: 0606 - 0607 (0x2 bytes), align: 0
  Segment part 3. ROOT        Intra module refs:   UART_Init
           ENTRY                   ADDRESS         REF BY
           =====                   =======         ======
           _A_UCA1BRW_L            0606 
           LOCAL                   ADDRESS         
           =====                   =======         
           UCA1BRW                 0606 
           UCA1BRW_H               0607 
           UCA1BRW_L               0606 
    -------------------------------------------------------------------------
DATA16_AN
  Relative segment, address: 0608 - 0608 (0x1 bytes), align: 0
  Segment part 4. ROOT        Intra module refs:   UART_Init
           ENTRY                   ADDRESS         REF BY
           =====                   =======         ======
           UCA1MCTL                0608 
    -------------------------------------------------------------------------
DATA16_AN
  Relative segment, address: 060C - 060C (0x1 bytes), align: 0
  Segment part 5. ROOT        Intra module refs:   UART_Ax_ISR
           ENTRY                   ADDRESS         REF BY
           =====                   =======         ======
           UCA1RXBUF               060C 
    -------------------------------------------------------------------------
DATA16_AN
  Relative segment, address: 060E - 060E (0x1 bytes), align: 0
  Segment part 6. ROOT        Intra module refs:   UART_Ax_ISR
           ENTRY                   ADDRESS         REF BY
           =====                   =======         ======
           UCA1TXBUF               060E 
    -------------------------------------------------------------------------
DATA16_AN
  Relative segment, address: 061C - 061D (0x2 bytes), align: 0
  Segment part 7. ROOT        Intra module refs:   UART_Ax_ISR
                                                   UART_Init
                                                   UART_PutChar
           ENTRY                   ADDRESS         REF BY
           =====                   =======         ======
           _A_UCA1ICTL_L           061C 
           LOCAL                   ADDRESS         
           =====                   =======         
           UCA1ICTL                061C 
           UCA1ICTL_H              061D 
           UCA1ICTL_L              061C 
    -------------------------------------------------------------------------
DATA16_AN
  Relative segment, address: 061E - 061F (0x2 bytes), align: 0
  Segment part 8. ROOT        Intra module refs:   UART_Ax_ISR
           ENTRY                   ADDRESS         REF BY
           =====                   =======         ======
           UCA1IV                  061E 
    -------------------------------------------------------------------------
DATA16_Z
  Relative segment, address: 256E - 256E (0x1 bytes), align: 0
  Segment part 14.            Intra module refs:   UART_PutChar
           ENTRY                   ADDRESS         REF BY
           =====                   =======         ======
           UART_SR                 256E 
    -------------------------------------------------------------------------
DATA16_Z
  Relative segment, address: 256F - 25AE (0x40 bytes), align: 0
  Segment part 15.            Intra module refs:   UART_Ax_ISR
                                                   UART_PutChar
           ENTRY                   ADDRESS         REF BY
           =====                   =======         ======
           UART_TXBUF              256F 
    -------------------------------------------------------------------------
DATA16_Z
  Relative segment, address: 25AF - 25BE (0x10 bytes), align: 0
  Segment part 16.            Intra module refs:   UART_Ax_ISR
           ENTRY                   ADDRESS         REF BY
           =====                   =======         ======
           UART_RXBUF              25AF 
    -------------------------------------------------------------------------
DATA16_Z
  Relative segment, address: 25BF - 25BF (0x1 bytes), align: 0
  Segment part 17.            Intra module refs:   UART_Ax_ISR
           ENTRY                   ADDRESS         REF BY
           =====                   =======         ======
           UART_TXIndexR           25BF 
    -------------------------------------------------------------------------
DATA16_Z
  Relative segment, address: 25C0 - 25C0 (0x1 bytes), align: 0
  Segment part 18.            Intra module refs:   UART_PutChar
           ENTRY                   ADDRESS         REF BY
           =====                   =======         ======
           UART_TXIndexW           25C0 
    -------------------------------------------------------------------------
DATA16_Z
  Relative segment, address: 25C1 - 25C1 (0x1 bytes), align: 0
  Segment part 20.            Intra module refs:   UART_Ax_ISR
           ENTRY                   ADDRESS         REF BY
           =====                   =======         ======
           UART_RXIndexW           25C1 
    -------------------------------------------------------------------------
DATA16_Z
  Relative segment, address: 25C2 - 25C2 (0x1 bytes), align: 0
  Segment part 21.            Intra module refs:   UART_Ax_ISR
                                                   UART_PutChar
           ENTRY                   ADDRESS         REF BY
           =====                   =======         ======
           UART_OutLen             25C2 
    -------------------------------------------------------------------------
DATA16_Z
  Relative segment, address: 25C3 - 25C3 (0x1 bytes), align: 0
  Segment part 22.            Intra module refs:   UART_Ax_ISR
           ENTRY                   ADDRESS         REF BY
           =====                   =======         ======
           UART_InLen              25C3 
    -------------------------------------------------------------------------
DATA16_C
  Relative segment, address: 4400 - 440F (0x10 bytes), align: 1
  Segment part 23.            Intra module refs:   UART_Init
           ENTRY                   ADDRESS         REF BY
           =====                   =======         ======
           UCBRS_Table             4400 
    -------------------------------------------------------------------------
<CODE> 1 (was CODE)
  Relative segment, address: 57C8 - 591D (0x156 bytes), align: 1
  Segment part 26.
           ENTRY                   ADDRESS         REF BY
           =====                   =======         ======
           UART_Init               57C8            bsp_Init (bsp)
               calls direct
    -------------------------------------------------------------------------
<CODE> 1 (was CODE)
  Relative segment, address: 5C84 - 5CD5 (0x52 bytes), align: 1
  Segment part 27.            Intra module refs:   putchar
           ENTRY                   ADDRESS         REF BY
           =====                   =======         ======
           UART_PutChar            5C84 
    -------------------------------------------------------------------------
ISR_CODE
  Relative segment, address: 44C6 - 452B (0x66 bytes), align: 1
  Segment part 36.            Intra module refs:   UART_Ax_ISR::??INTVEC 92
           ENTRY                   ADDRESS         REF BY
           =====                   =======         ======
           UART_Ax_ISR             44C6 
               interrupt function
    -------------------------------------------------------------------------
<CODE> 1 (was CODE)
  Relative segment, address: 6336 - 6355 (0x20 bytes), align: 1
  Segment part 33.
           ENTRY                   ADDRESS         REF BY
           =====                   =======         ======
           putchar                 6336            _Prout (?xprout)
               calls direct
    -------------------------------------------------------------------------
INTVEC
  Common segment, address: FF80 - FFDD (0x5e bytes), align: 1
  Segment part 9. ROOT 
           ENTRY                   ADDRESS         REF BY
           =====                   =======         ======
           UART_Ax_ISR::??INTVEC 92
                                   FFDC 

    *************************************************************************

  FILE NAME : C:\Users\’≈÷ﬁ√»\Desktop\MSP430F5529Project-temp\Debug\Obj\main.r43
  PROGRAM MODULE, NAME : main

  SEGMENTS IN THE MODULE
  ======================
DATA16_AN
  Relative segment, address: 0140 - 0141 (0x2 bytes), align: 0
  Segment part 1. ROOT        Intra module refs:   Port1_ISR
           ENTRY                   ADDRESS         REF BY
           =====                   =======         ======
           _A_FCTL1_L              0140 
           LOCAL                   ADDRESS         
           =====                   =======         
           FCTL1                   0140 
           FCTL1_H                 0141 
           FCTL1_L                 0140 
    -------------------------------------------------------------------------
DATA16_AN
  Relative segment, address: 0144 - 0145 (0x2 bytes), align: 0
  Segment part 2. ROOT        Intra module refs:   Port1_ISR
           ENTRY                   ADDRESS         REF BY
           =====                   =======         ======
           _A_FCTL3_L              0144 
           LOCAL                   ADDRESS         
           =====                   =======         
           FCTL3                   0144 
           FCTL3_H                 0145 
           FCTL3_L                 0144 
    -------------------------------------------------------------------------
DATA16_AN
  Relative segment, address: 0202 - 0203 (0x2 bytes), align: 0
  Segment part 3. ROOT        Intra module refs:   TIMER0_A0_ISR
                                                   init_port
                                                   write_cmd
                                                   write_dat
           ENTRY                   ADDRESS         REF BY
           =====                   =======         ======
           _A_PAOUT_L              0202 
           LOCAL                   ADDRESS         
           =====                   =======         
           PAOUT                   0202 
           PAOUT_H                 0203 
           PAOUT_L                 0202 
    -------------------------------------------------------------------------
DATA16_AN
  Relative segment, address: 0204 - 0205 (0x2 bytes), align: 0
  Segment part 4. ROOT        Intra module refs:   init_port
                                                   main
           ENTRY                   ADDRESS         REF BY
           =====                   =======         ======
           _A_PADIR_L              0204 
           LOCAL                   ADDRESS         
           =====                   =======         
           PADIR                   0204 
           PADIR_H                 0205 
           PADIR_L                 0204 
    -------------------------------------------------------------------------
DATA16_AN
  Relative segment, address: 0206 - 0207 (0x2 bytes), align: 0
  Segment part 5. ROOT        Intra module refs:   init_port
           ENTRY                   ADDRESS         REF BY
           =====                   =======         ======
           _A_PAREN_L              0206 
           LOCAL                   ADDRESS         
           =====                   =======         
           PAREN                   0206 
           PAREN_H                 0207 
           PAREN_L                 0206 
    -------------------------------------------------------------------------
DATA16_AN
  Relative segment, address: 0218 - 0219 (0x2 bytes), align: 0
  Segment part 6. ROOT        Intra module refs:   init_port
           ENTRY                   ADDRESS         REF BY
           =====                   =======         ======
           _A_PAIES_L              0218 
           LOCAL                   ADDRESS         
           =====                   =======         
           PAIES                   0218 
           PAIES_H                 0219 
           PAIES_L                 0218 
    -------------------------------------------------------------------------
DATA16_AN
  Relative segment, address: 021A - 021B (0x2 bytes), align: 0
  Segment part 7. ROOT        Intra module refs:   init_port
           ENTRY                   ADDRESS         REF BY
           =====                   =======         ======
           _A_PAIE_L               021A 
           LOCAL                   ADDRESS         
           =====                   =======         
           PAIE                    021A 
           PAIE_H                  021B 
           PAIE_L                  021A 
    -------------------------------------------------------------------------
DATA16_AN
  Relative segment, address: 021C - 021D (0x2 bytes), align: 0
  Segment part 8. ROOT        Intra module refs:   Port1_ISR
                                                   Port2_ISR
                                                   init_port
           ENTRY                   ADDRESS         REF BY
           =====                   =======         ======
           _A_PAIFG_L              021C 
           LOCAL                   ADDRESS         
           =====                   =======         
           PAIFG                   021C 
           PAIFG_H                 021D 
           PAIFG_L                 021C 
    -------------------------------------------------------------------------
DATA16_AN
  Relative segment, address: 0340 - 0341 (0x2 bytes), align: 0
  Segment part 11. ROOT       Intra module refs:   main
           ENTRY                   ADDRESS         REF BY
           =====                   =======         ======
           TA0CTL                  0340 
    -------------------------------------------------------------------------
DATA16_AN
  Relative segment, address: 0350 - 0351 (0x2 bytes), align: 0
  Segment part 12. ROOT       Intra module refs:   TIMER0_A0_ISR
                                                   main
           ENTRY                   ADDRESS         REF BY
           =====                   =======         ======
           TA0R                    0350 
    -------------------------------------------------------------------------
DATA16_AN
  Relative segment, address: 036E - 036F (0x2 bytes), align: 0
  Segment part 13. ROOT       Intra module refs:   TIMER0_A0_ISR
           ENTRY                   ADDRESS         REF BY
           =====                   =======         ======
           TA0IV                   036E 
    -------------------------------------------------------------------------
DATA16_AN
  Relative segment, address: 015C - 015D (0x2 bytes), align: 0
  Segment part 14. ROOT       Intra module refs:   main
           ENTRY                   ADDRESS         REF BY
           =====                   =======         ======
           _A_WDTCTL_L             015C 
           LOCAL                   ADDRESS         
           =====                   =======         
           WDTCTL                  015C 
           WDTCTL_H                015D 
           WDTCTL_L                015C 
    -------------------------------------------------------------------------
DATA16_Z
  Relative segment, address: 25C4 - 25C4 (0x1 bytes), align: 0
  Segment part 36.            Intra module refs:   Port1_ISR
           ENTRY                   ADDRESS         REF BY
           =====                   =======         ======
           P11num                  25C4 
    -------------------------------------------------------------------------
DATA16_Z
  Relative segment, address: 25C5 - 25C5 (0x1 bytes), align: 0
  Segment part 37.            Intra module refs:   Port1_ISR
                                                   TIMER0_A0_ISR
                                                   main
           ENTRY                   ADDRESS         REF BY
           =====                   =======         ======
           P11num1                 25C5 
    -------------------------------------------------------------------------
DATA16_I
  Relative segment, address: 2400 - 2410 (0x11 bytes), align: 0
  Segment part 38.            Intra module refs:   Port2_ISR
           ENTRY                   ADDRESS         REF BY
           =====                   =======         ======
           taba                    2400 
    -------------------------------------------------------------------------
DATA16_I
  Relative segment, address: 2411 - 2421 (0x11 bytes), align: 0
  Segment part 40.            Intra module refs:   Port2_ISR
           ENTRY                   ADDRESS         REF BY
           =====                   =======         ======
           tabb                    2411 
    -------------------------------------------------------------------------
DATA16_I
  Relative segment, address: 2422 - 2432 (0x11 bytes), align: 0
  Segment part 48.            Intra module refs:   TIMER0_A0_ISR
           ENTRY                   ADDRESS         REF BY
           =====                   =======         ======
           tabkong                 2422 
    -------------------------------------------------------------------------
DATA16_I
  Relative segment, address: 2433 - 2443 (0x11 bytes), align: 0
  Segment part 52.            Intra module refs:   Port2_ISR
           ENTRY                   ADDRESS         REF BY
           =====                   =======         ======
           tabinit                 2433 
    -------------------------------------------------------------------------
DATA16_I
  Relative segment, address: 2444 - 2454 (0x11 bytes), align: 0
  Segment part 54.            Intra module refs:   Port2_ISR
                                                   TIMER0_A0_ISR
           ENTRY                   ADDRESS         REF BY
           =====                   =======         ======
           tabledata               2444 
    -------------------------------------------------------------------------
DATA16_I
  Relative segment, address: 2455 - 245D (0x9 bytes), align: 0
  Segment part 56.            Intra module refs:   main
           ENTRY                   ADDRESS         REF BY
           =====                   =======         ======
           welcome0                2455 
    -------------------------------------------------------------------------
DATA16_I
  Relative segment, address: 245E - 246A (0xd bytes), align: 0
  Segment part 58.            Intra module refs:   main
           ENTRY                   ADDRESS         REF BY
           =====                   =======         ======
           welcome1                245E 
    -------------------------------------------------------------------------
DATA16_Z
  Relative segment, address: 25C6 - 25C6 (0x1 bytes), align: 0
  Segment part 60.            Intra module refs:   Port1_ISR
                                                   Port2_ISR
                                                   TIMER0_A0_ISR
                                                   main
           ENTRY                   ADDRESS         REF BY
           =====                   =======         ======
           mode                    25C6 
    -------------------------------------------------------------------------
DATA16_Z
  Relative segment, address: 246C - 246F (0x4 bytes), align: 1
  Segment part 61.            Intra module refs:   Port1_ISR
                                                   TIMER0_A0_ISR
                                                   main
           ENTRY                   ADDRESS         REF BY
           =====                   =======         ======
           temp                    246C 
    -------------------------------------------------------------------------
DATA16_Z
  Relative segment, address: 2470 - 24BF (0x50 bytes), align: 1
  Segment part 62.            Intra module refs:   main
           ENTRY                   ADDRESS         REF BY
           =====                   =======         ======
           tem                     2470 
    -------------------------------------------------------------------------
DATA16_Z
  Relative segment, address: 24C0 - 24C3 (0x4 bytes), align: 1
  Segment part 63.            Intra module refs:   main
           ENTRY                   ADDRESS         REF BY
           =====                   =======         ======
           temp1                   24C0 
    -------------------------------------------------------------------------
DATA16_Z
  Relative segment, address: 24C4 - 24C7 (0x4 bytes), align: 1
  Segment part 64.            Intra module refs:   main
           ENTRY                   ADDRESS         REF BY
           =====                   =======         ======
           temp2                   24C4 
    -------------------------------------------------------------------------
DATA16_Z
  Relative segment, address: 24C8 - 24CB (0x4 bytes), align: 1
  Segment part 65.            Intra module refs:   main
           ENTRY                   ADDRESS         REF BY
           =====                   =======         ======
           tempand                 24C8 
    -------------------------------------------------------------------------
DATA16_Z
  Relative segment, address: 24CC - 251B (0x50 bytes), align: 1
  Segment part 69.            Intra module refs:   Port1_ISR
           ENTRY                   ADDRESS         REF BY
           =====                   =======         ======
           pre_value               24CC 
    -------------------------------------------------------------------------
DATA16_Z
  Relative segment, address: 251C - 256B (0x50 bytes), align: 1
  Segment part 70.            Intra module refs:   Port2_ISR
                                                   TIMER0_A0_ISR
           ENTRY                   ADDRESS         REF BY
           =====                   =======         ======
           read_value              251C 
    -------------------------------------------------------------------------
DATA16_Z
  Relative segment, address: 256C - 256D (0x2 bytes), align: 1
  Segment part 71.            Intra module refs:   Port1_ISR
                                                   Port2_ISR
           ENTRY                   ADDRESS         REF BY
           =====                   =======         ======
           pFlash                  256C 
    -------------------------------------------------------------------------
DATA16_Z
  Relative segment, address: 25C7 - 25C7 (0x1 bytes), align: 0
  Segment part 73.            Intra module refs:   Port1_ISR
           ENTRY                   ADDRESS         REF BY
           =====                   =======         ======
           num                     25C7 
    -------------------------------------------------------------------------
<CODE> 1 (was CODE)
  Relative segment, address: 6490 - 649D (0xe bytes), align: 1
  Segment part 74.            Intra module refs:   LCD_init
                                                   write_cmd
                                                   write_dat
           ENTRY                   ADDRESS         REF BY
           =====                   =======         ======
           delay5ms                6490 
    -------------------------------------------------------------------------
<CODE> 1 (was CODE)
  Relative segment, address: 61CA - 61EF (0x26 bytes), align: 1
  Segment part 75.            Intra module refs:   LCD_init
                                                   lcd_pos
           ENTRY                   ADDRESS         REF BY
           =====                   =======         ======
           write_cmd               61CA 
               calls direct
    -------------------------------------------------------------------------
<CODE> 1 (was CODE)
  Relative segment, address: 623C - 6261 (0x26 bytes), align: 1
  Segment part 76.            Intra module refs:   Port1_ISR
                                                   Port2_ISR
                                                   TIMER0_A0_ISR
                                                   main
           ENTRY                   ADDRESS         REF BY
           =====                   =======         ======
           write_dat               623C 
               calls direct
    -------------------------------------------------------------------------
<CODE> 1 (was CODE)
  Relative segment, address: 6148 - 6175 (0x2e bytes), align: 1
  Segment part 77.            Intra module refs:   Port1_ISR
                                                   Port2_ISR
                                                   TIMER0_A0_ISR
                                                   main
           ENTRY                   ADDRESS         REF BY
           =====                   =======         ======
           lcd_pos                 6148 
               calls direct
    -------------------------------------------------------------------------
<CODE> 1 (was CODE)
  Relative segment, address: 6314 - 6335 (0x22 bytes), align: 1
  Segment part 78.            Intra module refs:   main
           ENTRY                   ADDRESS         REF BY
           =====                   =======         ======
           LCD_init                6314 
               calls direct
    -------------------------------------------------------------------------
<CODE> 1 (was CODE)
  Relative segment, address: 5EFA - 5F3F (0x46 bytes), align: 1
  Segment part 79.            Intra module refs:   main
           ENTRY                   ADDRESS         REF BY
           =====                   =======         ======
           init_port               5EFA 
    -------------------------------------------------------------------------
ISR_CODE
  Relative segment, address: 452C - 4629 (0xfe bytes), align: 1
  Segment part 81.            Intra module refs:   Port2_ISR::??INTVEC 84
           ENTRY                   ADDRESS         REF BY
           =====                   =======         ======
           Port2_ISR               452C 
               interrupt function
               calls direct
    -------------------------------------------------------------------------
ISR_CODE
  Relative segment, address: 462A - 4721 (0xf8 bytes), align: 1
  Segment part 82.            Intra module refs:   Port1_ISR::??INTVEC 94
           ENTRY                   ADDRESS         REF BY
           =====                   =======         ======
           Port1_ISR               462A 
               interrupt function
               calls direct
    -------------------------------------------------------------------------
ISR_CODE
  Relative segment, address: 4722 - 48BB (0x19a bytes), align: 1
  Segment part 83.            Intra module refs:   TIMER0_A0_ISR::??INTVEC 104
           ENTRY                   ADDRESS         REF BY
           =====                   =======         ======
           TIMER0_A0_ISR           4722 
               interrupt function
               calls direct
    -------------------------------------------------------------------------
<CODE> 1 (was CODE)
  Relative segment, address: 54A2 - 5663 (0x1c2 bytes), align: 1
  Segment part 80.
           ENTRY                   ADDRESS         REF BY
           =====                   =======         ======
           main                    54A2            Segment part 27 (?cstart)
               calls direct
    -------------------------------------------------------------------------
INTVEC
  Common segment, address: FF80 - FFD5 (0x56 bytes), align: 1
  Segment part 15. ROOT 
           ENTRY                   ADDRESS         REF BY
           =====                   =======         ======
           Port2_ISR::??INTVEC 84
                                   FFD4 
    -------------------------------------------------------------------------
INTVEC
  Common segment, address: FF80 - FFDF (0x60 bytes), align: 1
  Segment part 16. ROOT 
           ENTRY                   ADDRESS         REF BY
           =====                   =======         ======
           Port1_ISR::??INTVEC 94
                                   FFDE 
    -------------------------------------------------------------------------
INTVEC
  Common segment, address: FF80 - FFE9 (0x6a bytes), align: 1
  Segment part 17. ROOT 
           ENTRY                   ADDRESS         REF BY
           =====                   =======         ======
           TIMER0_A0_ISR::??INTVEC 104
                                   FFE8 
    -------------------------------------------------------------------------
DATA16_ID
  Relative segment, address: 4432 - 4442 (0x11 bytes), align: 0
  Segment part 39.            Intra module refs:   taba
    -------------------------------------------------------------------------
DATA16_ID
  Relative segment, address: 4443 - 4453 (0x11 bytes), align: 0
  Segment part 41.            Intra module refs:   tabb
    -------------------------------------------------------------------------
DATA16_ID
  Relative segment, address: 4454 - 4464 (0x11 bytes), align: 0
  Segment part 49.            Intra module refs:   tabkong
    -------------------------------------------------------------------------
DATA16_ID
  Relative segment, address: 4465 - 4475 (0x11 bytes), align: 0
  Segment part 53.            Intra module refs:   tabinit
    -------------------------------------------------------------------------
DATA16_ID
  Relative segment, address: 4476 - 4486 (0x11 bytes), align: 0
  Segment part 55.            Intra module refs:   tabledata
    -------------------------------------------------------------------------
DATA16_ID
  Relative segment, address: 4487 - 448F (0x9 bytes), align: 0
  Segment part 57.            Intra module refs:   welcome0
    -------------------------------------------------------------------------
DATA16_ID
  Relative segment, address: 4490 - 449C (0xd bytes), align: 0
  Segment part 59.            Intra module refs:   welcome1
    -------------------------------------------------------------------------
DATA16_C
  Relative segment, address: 4410 - 4414 (0x5 bytes), align: 0
  Segment part 19.            Intra module refs:   TIMER0_A0_ISR
                                                   main
    -------------------------------------------------------------------------
DATA16_C
  Relative segment, address: 4415 - 4418 (0x4 bytes), align: 0
  Segment part 20.            Intra module refs:   TIMER0_A0_ISR

    *************************************************************************

  FILE NAME : D:\Program Files (x86)\IAR Systems\Embedded Workbench 8.0\430\lib\dlib\dl430xlsfn.r43
  LIBRARY MODULE, NAME : ?__dbg_break

  SEGMENTS IN THE MODULE
  ======================
<CODE> 1 (was CODE)
  Relative segment, address: 64C4 - 64C5 (0x2 bytes), align: 1
  Segment part 2.
           ENTRY                   ADDRESS         REF BY
           =====                   =======         ======
           __DebugBreak            64C4            __exit (?__exit)

    -------------------------------------------------------------------------
  LIBRARY MODULE, NAME : ?__exit

  SEGMENTS IN THE MODULE
  ======================
<CODE> 1 (was CODE)
  Relative segment, address: 63F6 - 6409 (0x14 bytes), align: 1
  Segment part 2.
           ENTRY                   ADDRESS         REF BY
           =====                   =======         ======
           __exit                  63F6            Segment part 6 (?_exit)
                                                   _exit (?_exit)
               calls direct

    -------------------------------------------------------------------------
  LIBRARY MODULE, NAME : ?_exit

  SEGMENTS IN THE MODULE
  ======================
<CODE> 1 (was CODE)
  Relative segment, address: 64B4, align: 1
  Segment part 0.
           ENTRY                   ADDRESS         REF BY
           =====                   =======         ======
           _exit                   64B4            exit (?exit)
    -------------------------------------------------------------------------
<CODE> 1 (was CODE)
  Relative segment, address: 64B4 - 64B7 (0x4 bytes), align: 1
  Segment part 6.             Intra module refs:   _exit

    -------------------------------------------------------------------------
  LIBRARY MODULE, NAME : ?cstart

  SEGMENTS IN THE MODULE
  ======================
CSTACK
  Relative segment, address: 4360, align: 1
  Segment part 1.
    -------------------------------------------------------------------------
DATA16_Z
  Relative segment, address: 256E, align: 1
  Segment part 2.
    -------------------------------------------------------------------------
DATA16_I
  Relative segment, address: 2400, align: 1
  Segment part 3.
    -------------------------------------------------------------------------
DATA16_ID
  Relative segment, address: 4432, align: 1
  Segment part 4.
    -------------------------------------------------------------------------
CODE_I
  Relative segment, address: 25C8, align: 1
  Segment part 5.
    -------------------------------------------------------------------------
CODE_ID
  Relative segment, address: 64C6, align: 1
  Segment part 6.
    -------------------------------------------------------------------------
DATA20_Z
  Relative segment, address: 25C8, align: 1
  Segment part 7.
    -------------------------------------------------------------------------
DATA20_I
  Relative segment, address: 25C8, align: 1
  Segment part 8.
    -------------------------------------------------------------------------
DATA20_ID
  Relative segment, address: 64C6, align: 1
  Segment part 9.
    -------------------------------------------------------------------------
DATA20_C
  Relative segment, address: 64C6, align: 1
  Segment part 10.
    -------------------------------------------------------------------------
DATA20_N
  Relative segment, address: 25C8, align: 1
  Segment part 12.
    -------------------------------------------------------------------------
CSTART
  Relative segment, address: 449E - 44A1 (0x4 bytes), align: 1
  Segment part 15.
           ENTRY                   ADDRESS         REF BY
           =====                   =======         ======
           __program_start         449E            ?reset_vector (?reset_vector)
                                                   Absolute parts (?ABS_ENTRY_MOD)
           ?cstart_begin           449E 
    -------------------------------------------------------------------------
CSTART
  Relative segment, address: 44A2 - 44AD (0xc bytes), align: 1
  Segment part 20.
           ENTRY                   ADDRESS         REF BY
           =====                   =======         ======
           ?cstart_init_zero       44A2            P11num (main)
                                                   P11num1 (main)
                                                   UART_InLen (bsp_uart)
                                                   UART_OutLen (bsp_uart)
                                                   UART_RXBUF (bsp_uart)
                                                   UART_RXIndexW (bsp_uart)
                                                   UART_SR (bsp_uart)
                                                   UART_TXBUF (bsp_uart)
                                                   UART_TXIndexR (bsp_uart)
                                                   UART_TXIndexW (bsp_uart)
                                                   mode (main)
                                                   num (main)
                                                   pFlash (main)
                                                   pre_value (main)
                                                   read_value (main)
                                                   tem (main)
                                                   temp (main)
                                                   temp1 (main)
                                                   temp2 (main)
                                                   tempand (main)
    -------------------------------------------------------------------------
CSTART
  Relative segment, address: 44AE - 44BD (0x10 bytes), align: 1
  Segment part 21.
           ENTRY                   ADDRESS         REF BY
           =====                   =======         ======
           ?cstart_init_copy       44AE            taba (main)
                                                   tabb (main)
                                                   tabinit (main)
                                                   tabkong (main)
                                                   tabledata (main)
                                                   welcome0 (main)
                                                   welcome1 (main)
    -------------------------------------------------------------------------
CSTART
  Relative segment, address: 44BE - 44C5 (0x8 bytes), align: 1
  Segment part 27.            Intra module refs:   Segment part 15
           ENTRY                   ADDRESS         REF BY
           =====                   =======         ======
           ?cstart_call_main       44BE 
           ?cstart_end             44C6 
    -------------------------------------------------------------------------
CODE_ID
  Relative segment, address: 64C6, align: 1
  Segment part 28.            Intra module refs:   Segment part 5

    -------------------------------------------------------------------------
  LIBRARY MODULE, NAME : ?reset_vector

  SEGMENTS IN THE MODULE
  ======================
RESET
  Relative segment, address: FFFE - FFFF (0x2 bytes), align: 1
  Segment part 0.
           ENTRY                   ADDRESS         REF BY
           =====                   =======         ======
           ?reset_vector           FFFE            Segment part 15 (?cstart)

    -------------------------------------------------------------------------
  LIBRARY MODULE, NAME : ?div64i

  SEGMENTS IN THE MODULE
  ======================
<CODE> 1 (was CODE)
  Relative segment, address: 5B64 - 5C05 (0xa2 bytes), align: 1
  Segment part 2.
           ENTRY                   ADDRESS         REF BY
           =====                   =======         ======
           _Div64u                 5B64            _LitobLarge (?xprintflarge)
    -------------------------------------------------------------------------
<CODE> 1 (was CODE)
  Relative segment, address: 63AE - 63C7 (0x1a bytes), align: 1
  Segment part 4.             Intra module refs:   _Div64u

    -------------------------------------------------------------------------
  LIBRARY MODULE, NAME : ?div

  SEGMENTS IN THE MODULE
  ======================
<CODE> 1 (was CODE)
  Relative segment, address: 63E0 - 63F5 (0x16 bytes), align: 1
  Segment part 0.
           ENTRY                   ADDRESS         REF BY
           =====                   =======         ======
           div                     63E0            _GenldLarge (?xprintflarge)

    -------------------------------------------------------------------------
  LIBRARY MODULE, NAME : ?exit

  SEGMENTS IN THE MODULE
  ======================
<CODE> 1 (was CODE)
  Relative segment, address: 64B8 - 64BB (0x4 bytes), align: 1
  Segment part 2.
           ENTRY                   ADDRESS         REF BY
           =====                   =======         ======
           exit                    64B8            Segment part 27 (?cstart)
               calls direct

    -------------------------------------------------------------------------
  LIBRARY MODULE, NAME : ?fabs

  SEGMENTS IN THE MODULE
  ======================
<CODE> 1 (was CODE)
  Relative segment, address: 60B6 - 60E7 (0x32 bytes), align: 1
  Segment part 2.
           ENTRY                   ADDRESS         REF BY
           =====                   =======         ======
           fabs                    60B6            TIMER0_A0_ISR (main)
               calls direct

    -------------------------------------------------------------------------
  LIBRARY MODULE, NAME : ?Mul32fHw32

  SEGMENTS IN THE MODULE
  ======================
<CODE> 1 (was CODE)
  Relative segment, address: 5A4E - 5B63 (0x116 bytes), align: 1
  Segment part 0.
           ENTRY                   ADDRESS         REF BY
           =====                   =======         ======
           ?Mul32fHw32             5A4E            _LdtobLarge (?xprintflarge)
                                                   scale (?xprintflarge)

    -------------------------------------------------------------------------
  LIBRARY MODULE, NAME : ?Cast32f32i

  SEGMENTS IN THE MODULE
  ======================
<CODE> 1 (was CODE)
  Relative segment, address: 5C06 - 5C83 (0x7e bytes), align: 1
  Segment part 1.
           ENTRY                   ADDRESS         REF BY
           =====                   =======         ======
           _Cast32uto32f           5C06            TIMER0_A0_ISR (main)
                                                   _LdtobLarge (?xprintflarge)

    -------------------------------------------------------------------------
  LIBRARY MODULE, NAME : _Cast32fto32u

  SEGMENTS IN THE MODULE
  ======================
<CODE> 1 (was CODE)
  Relative segment, address: 649E - 64A9 (0xc bytes), align: 1
  Segment part 0.
           ENTRY                   ADDRESS         REF BY
           =====                   =======         ======
           _Cast32fto32u           649E            _LdtobLarge (?xprintflarge)

    -------------------------------------------------------------------------
  LIBRARY MODULE, NAME : ?FLT_Extract

  SEGMENTS IN THE MODULE
  ======================
<CODE> 1 (was CODE)
  Relative segment, address: 5E66 - 5EB1 (0x4c bytes), align: 1
  Segment part 0.
           ENTRY                   ADDRESS         REF BY
           =====                   =======         ======
           ?FLT_Extract            5E66            _Cast32fto32u (_Cast32fto32u)

    -------------------------------------------------------------------------
  LIBRARY MODULE, NAME : ?FLT_LT

  SEGMENTS IN THE MODULE
  ======================
<CODE> 1 (was CODE)
  Relative segment, address: 5CD6 - 5D27 (0x52 bytes), align: 1
  Segment part 0.
           ENTRY                   ADDRESS         REF BY
           =====                   =======         ======
           ?FLT_LT                 5CD6            TIMER0_A0_ISR (main)
                                                   _LdtobLarge (?xprintflarge)
                                                   fabs (?fabs)

    -------------------------------------------------------------------------
  LIBRARY MODULE, NAME : _Div32f

  SEGMENTS IN THE MODULE
  ======================
<CODE> 1 (was CODE)
  Relative segment, address: 591E - 5A4D (0x130 bytes), align: 1
  Segment part 0.
           ENTRY                   ADDRESS         REF BY
           =====                   =======         ======
           _Div32f                 591E            _LdtobLarge (?xprintflarge)

    -------------------------------------------------------------------------
  LIBRARY MODULE, NAME : _Add32f

  SEGMENTS IN THE MODULE
  ======================
<CODE> 1 (was CODE)
  Relative segment, address: 5664 - 5667 (0x4 bytes), align: 1
  Segment part 0.
           ENTRY                   ADDRESS         REF BY
           =====                   =======         ======
           _Sub32f                 5664            _LdtobLarge (?xprintflarge)
    -------------------------------------------------------------------------
<CODE> 1 (was CODE)
  Relative segment, address: 5668 - 57C7 (0x160 bytes), align: 1
  Segment part 1.             Intra module refs:   _Sub32f
           ENTRY                   ADDRESS         REF BY
           =====                   =======         ======
           _Add32f                 5668 

    -------------------------------------------------------------------------
  LIBRARY MODULE, NAME : ?DivMod816u

  SEGMENTS IN THE MODULE
  ======================
<CODE> 1 (was CODE)
  Relative segment, address: 6392 - 6395 (0x4 bytes), align: 1
  Segment part 0.
           ENTRY                   ADDRESS         REF BY
           =====                   =======         ======
           ?DivMod8u               6392            Port1_ISR (main)
    -------------------------------------------------------------------------
<CODE> 1 (was CODE)
  Relative segment, address: 6396 - 63AD (0x18 bytes), align: 1
  Segment part 1.             Intra module refs:   ?DivMod8u
           ENTRY                   ADDRESS         REF BY
           =====                   =======         ======
           ?DivMod16u              6396            ?DivMod16s (?DivMod816s)
                                                   TIMER0_A0_ISR (main)

    -------------------------------------------------------------------------
  LIBRARY MODULE, NAME : ?DivMod816s

  SEGMENTS IN THE MODULE
  ======================
<CODE> 1 (was CODE)
  Relative segment, address: 6118 - 6147 (0x30 bytes), align: 1
  Segment part 1.
           ENTRY                   ADDRESS         REF BY
           =====                   =======         ======
           ?DivMod16s              6118            Port1_ISR (main)
                                                   div (?div)

    -------------------------------------------------------------------------
  LIBRARY MODULE, NAME : ?DivMod32u

  SEGMENTS IN THE MODULE
  ======================
<CODE> 1 (was CODE)
  Relative segment, address: 60E8 - 6117 (0x30 bytes), align: 1
  Segment part 0.
           ENTRY                   ADDRESS         REF BY
           =====                   =======         ======
           ?DivMod32u              60E8            ?DivMod32s (?DivMod32s)
                                                   UART_Init (bsp_uart)
                                                   _LdtobLarge (?xprintflarge)
                                                   main (main)

    -------------------------------------------------------------------------
  LIBRARY MODULE, NAME : ?DivMod32s

  SEGMENTS IN THE MODULE
  ======================
<CODE> 1 (was CODE)
  Relative segment, address: 5FCA - 6009 (0x40 bytes), align: 1
  Segment part 0.
           ENTRY                   ADDRESS         REF BY
           =====                   =======         ======
           ?DivMod32s              5FCA            UART_Init (bsp_uart)
                                                   _LdtobLarge (?xprintflarge)

    -------------------------------------------------------------------------
  LIBRARY MODULE, NAME : ?memchr

  SEGMENTS IN THE MODULE
  ======================
<CODE> 1 (was CODE)
  Relative segment, address: 640A - 641D (0x14 bytes), align: 1
  Segment part 2.
           ENTRY                   ADDRESS         REF BY
           =====                   =======         ======
           __iar_Memchr            640A            _PrintfLarge (?xprintflarge)

    -------------------------------------------------------------------------
  LIBRARY MODULE, NAME : ?memcpy

  SEGMENTS IN THE MODULE
  ======================
<CODE> 1 (was CODE)
  Relative segment, address: 641E - 642F (0x12 bytes), align: 1
  Segment part 2.
           ENTRY                   ADDRESS         REF BY
           =====                   =======         ======
           memcpy                  641E            Segment part 12 (?xprintflarge)
                                                   _GenldLarge (?xprintflarge)
                                                   _LdtobLarge (?xprintflarge)
                                                   __data16_memcpy (?memzero)

    -------------------------------------------------------------------------
  LIBRARY MODULE, NAME : ?memzero

  SEGMENTS IN THE MODULE
  ======================
<CODE> 1 (was CODE)
  Relative segment, address: 6454 - 6463 (0x10 bytes), align: 1
  Segment part 2.
           ENTRY                   ADDRESS         REF BY
           =====                   =======         ======
           __data16_memzero        6454            ?cstart_init_zero (?cstart)
    -------------------------------------------------------------------------
<CODE> 1 (was CODE)
  Relative segment, address: 64BC - 64BF (0x4 bytes), align: 1
  Segment part 3.
           ENTRY                   ADDRESS         REF BY
           =====                   =======         ======
           __data16_memcpy         64BC            ?cstart_init_copy (?cstart)
               calls direct

    -------------------------------------------------------------------------
  LIBRARY MODULE, NAME : ?Mul8Hw

  SEGMENTS IN THE MODULE
  ======================
<CODE> 1 (was CODE)
  Relative segment, address: 6356 - 6359 (0x4 bytes), align: 1
  Segment part 0.
           ENTRY                   ADDRESS         REF BY
           =====                   =======         ======
           ?Mul8Hw                 6356            _LitobLarge (?xprintflarge)
    -------------------------------------------------------------------------
<CODE> 1 (was CODE)
  Relative segment, address: 635A - 6375 (0x1c bytes), align: 1
  Segment part 1.             Intra module refs:   ?Mul8Hw
           ENTRY                   ADDRESS         REF BY
           =====                   =======         ======
           ?Mul16Hw                635A 
           ?Mul16to32uHw           635A 

    -------------------------------------------------------------------------
  LIBRARY MODULE, NAME : ?Mul16to32sHw

  SEGMENTS IN THE MODULE
  ======================
<CODE> 1 (was CODE)
  Relative segment, address: 6376 - 6391 (0x1c bytes), align: 1
  Segment part 0.
           ENTRY                   ADDRESS         REF BY
           =====                   =======         ======
           ?Mul16to32sHw           6376            _LdtobLarge (?xprintflarge)

    -------------------------------------------------------------------------
  LIBRARY MODULE, NAME : ?printf

  SEGMENTS IN THE MODULE
  ======================
<CODE> 1 (was CODE)
  Relative segment, address: 6262 - 6287 (0x26 bytes), align: 1
  Segment part 2.
           ENTRY                   ADDRESS         REF BY
           =====                   =======         ======
           printf                  6262            TIMER0_A0_ISR (main)
                                                   main (main)
               calls direct

    -------------------------------------------------------------------------
  LIBRARY MODULE, NAME : ?IndCallR11

  SEGMENTS IN THE MODULE
  ======================
<CODE> 1 (was CODE)
  Relative segment, address: 64C0 - 64C3 (0x4 bytes), align: 1
  Segment part 0.
           ENTRY                   ADDRESS         REF BY
           =====                   =======         ======
           ?IndCallR11             64C0            _PutcharLarge (?xprintflarge)

    -------------------------------------------------------------------------
  LIBRARY MODULE, NAME : ?strchr

  SEGMENTS IN THE MODULE
  ======================
<CODE> 1 (was CODE)
  Relative segment, address: 6482 - 648F (0xe bytes), align: 1
  Segment part 2.
           ENTRY                   ADDRESS         REF BY
           =====                   =======         ======
           __iar_Strchr            6482            _PrintfLarge (?xprintflarge)

    -------------------------------------------------------------------------
  LIBRARY MODULE, NAME : ?strlen

  SEGMENTS IN THE MODULE
  ======================
<CODE> 1 (was CODE)
  Relative segment, address: 6430 - 6441 (0x12 bytes), align: 1
  Segment part 2.
           ENTRY                   ADDRESS         REF BY
           =====                   =======         ======
           strlen                  6430            _PrintfLarge (?xprintflarge)

    -------------------------------------------------------------------------
  LIBRARY MODULE, NAME : ?xdunscal

  SEGMENTS IN THE MODULE
  ======================
<CODE> 1 (was CODE)
  Relative segment, address: 5F40 - 5F85 (0x46 bytes), align: 1
  Segment part 2.
           ENTRY                   ADDRESS         REF BY
           =====                   =======         ======
           __iar_Dunscale          5F40            _LdtobLarge (?xprintflarge)

    -------------------------------------------------------------------------
  LIBRARY MODULE, NAME : ?xprintflarge

  SEGMENTS IN THE MODULE
  ======================
<CODE> 1 (was CODE)
  Relative segment, address: 500A - 54A1 (0x498 bytes), align: 1
  Segment part 19.
           ENTRY                   ADDRESS         REF BY
           =====                   =======         ======
           _PrintfLarge            500A            printf (?printf)
               calls direct
    -------------------------------------------------------------------------
<CODE> 1 (was CODE)
  Relative segment, address: 62D0 - 62D7 (0x8 bytes), align: 1
  Segment part 23.            Intra module refs:   Segment part 26
                                                   _PrintfLarge
    -------------------------------------------------------------------------
<CODE> 1 (was CODE)
  Relative segment, address: 62D8 - 62DF (0x8 bytes), align: 1
  Segment part 24.            Intra module refs:   _PrintfLarge
    -------------------------------------------------------------------------
<CODE> 1 (was CODE)
  Relative segment, address: 62E0 - 62EB (0xc bytes), align: 1
  Segment part 25.            Intra module refs:   Segment part 23
                                                   Segment part 24
    -------------------------------------------------------------------------
<CODE> 1 (was CODE)
  Relative segment, address: 62EC - 62F1 (0x6 bytes), align: 1
  Segment part 26.            Intra module refs:   _PrintfLarge
    -------------------------------------------------------------------------
<CODE> 1 (was CODE)
  Relative segment, address: 48BC - 493F (0x84 bytes), align: 1
  Segment part 8.             Intra module refs:   _PrintfLarge
           LOCAL                   ADDRESS         
           =====                   =======         
           LoadInt                 48BC 
    -------------------------------------------------------------------------
<CODE> 1 (was CODE)
  Relative segment, address: 4940 - 494D (0xe bytes), align: 1
  Segment part 9.             Intra module refs:   LoadInt
    -------------------------------------------------------------------------
<CODE> 1 (was CODE)
  Relative segment, address: 494E - 4B8B (0x23e bytes), align: 1
  Segment part 10.            Intra module refs:   _LdtobLarge
           LOCAL                   ADDRESS         
           =====                   =======         
           _GenldLarge             494E 
               calls direct
    -------------------------------------------------------------------------
<CODE> 1 (was CODE)
  Relative segment, address: 4B8C - 4B9B (0x10 bytes), align: 1
  Segment part 11.            Intra module refs:   _GenldLarge
    -------------------------------------------------------------------------
<CODE> 1 (was CODE)
  Relative segment, address: 4B9C - 4BA9 (0xe bytes), align: 1
  Segment part 12.            Intra module refs:   Segment part 11
                                                   _GenldLarge
    -------------------------------------------------------------------------
<CODE> 1 (was CODE)
  Relative segment, address: 4BAA - 4BC7 (0x1e bytes), align: 1
  Segment part 13.            Intra module refs:   _GenldLarge
    -------------------------------------------------------------------------
<CODE> 1 (was CODE)
  Relative segment, address: 4BC8 - 4C09 (0x42 bytes), align: 1
  Segment part 14.            Intra module refs:   _LdtobLarge
           LOCAL                   ADDRESS         
           =====                   =======         
           scale                   4BC8 
               calls direct
    -------------------------------------------------------------------------
<CODE> 1 (was CODE)
  Relative segment, address: 4C0A - 4E47 (0x23e bytes), align: 1
  Segment part 15.            Intra module refs:   _PrintfLarge
           LOCAL                   ADDRESS         
           =====                   =======         
           _LdtobLarge             4C0A 
               calls direct
    -------------------------------------------------------------------------
<CODE> 1 (was CODE)
  Relative segment, address: 4E48 - 4FED (0x1a6 bytes), align: 1
  Segment part 16.            Intra module refs:   _PrintfLarge
           LOCAL                   ADDRESS         
           =====                   =======         
           _LitobLarge             4E48 
               calls direct
    -------------------------------------------------------------------------
<CODE> 1 (was CODE)
  Relative segment, address: 4FEE - 4FFF (0x12 bytes), align: 1
  Segment part 17.            Intra module refs:   _LitobLarge
    -------------------------------------------------------------------------
<CODE> 1 (was CODE)
  Relative segment, address: 5000 - 5009 (0xa bytes), align: 1
  Segment part 18.            Intra module refs:   LoadInt
                                                   _LitobLarge
                                                   _PrintfLarge
    -------------------------------------------------------------------------
<CODE> 1 (was CODE)
  Relative segment, address: 6080 - 60B5 (0x36 bytes), align: 1
  Segment part 28.            Intra module refs:   Segment part 23
           LOCAL                   ADDRESS         
           =====                   =======         
           pad                     6080 
               calls direct
    -------------------------------------------------------------------------
<CODE> 1 (was CODE)
  Relative segment, address: 61A2 - 61C9 (0x28 bytes), align: 1
  Segment part 29.            Intra module refs:   _PrintfLarge
                                                   _PutcharsLarge
           LOCAL                   ADDRESS         
           =====                   =======         
           _PutcharLarge           61A2 
               calls indirect
    -------------------------------------------------------------------------
<CODE> 1 (was CODE)
  Relative segment, address: 6176 - 61A1 (0x2c bytes), align: 1
  Segment part 30.            Intra module refs:   Segment part 24
                                                   pad
           LOCAL                   ADDRESS         
           =====                   =======         
           _PutcharsLarge          6176 
               calls direct
    -------------------------------------------------------------------------
<CODE> 1 (was CODE)
  Relative segment, address: 6474 - 6481 (0xe bytes), align: 1
  Segment part 20.            Intra module refs:   _PrintfLarge
    -------------------------------------------------------------------------
<CODE> 1 (was CODE)
  Relative segment, address: 64AA - 64B3 (0xa bytes), align: 1
  Segment part 21.            Intra module refs:   _PrintfLarge
    -------------------------------------------------------------------------
<CODE> 1 (was CODE)
  Relative segment, address: 6442 - 6453 (0x12 bytes), align: 1
  Segment part 22.            Intra module refs:   _PrintfLarge
    -------------------------------------------------------------------------
<CODE> 1 (was CODE)
  Relative segment, address: 600A - 6047 (0x3e bytes), align: 1
  Segment part 27.            Intra module refs:   _PrintfLarge
    -------------------------------------------------------------------------
DATA16_C
  Relative segment, address: 4419 - 441F (0x7 bytes), align: 0
  Segment part 2.             Intra module refs:   _PrintfLarge
    -------------------------------------------------------------------------
DATA16_C
  Relative segment, address: 4420 - 4423 (0x4 bytes), align: 0
  Segment part 3.             Intra module refs:   _LdtobLarge
    -------------------------------------------------------------------------
DATA16_C
  Relative segment, address: 4424 - 4427 (0x4 bytes), align: 0
  Segment part 4.             Intra module refs:   _LdtobLarge
    -------------------------------------------------------------------------
DATA16_C
  Relative segment, address: 4428 - 442B (0x4 bytes), align: 0
  Segment part 5.             Intra module refs:   _LdtobLarge
    -------------------------------------------------------------------------
DATA16_C
  Relative segment, address: 442C - 442F (0x4 bytes), align: 0
  Segment part 6.             Intra module refs:   _LdtobLarge
    -------------------------------------------------------------------------
DATA16_C
  Relative segment, address: 4430 - 4431 (0x2 bytes), align: 0
  Segment part 7.             Intra module refs:   _GenldLarge

    -------------------------------------------------------------------------
  LIBRARY MODULE, NAME : ?xprout

  SEGMENTS IN THE MODULE
  ======================
<CODE> 1 (was CODE)
  Relative segment, address: 63C8 - 63DF (0x18 bytes), align: 1
  Segment part 2.
           ENTRY                   ADDRESS         REF BY
           =====                   =======         ======
           _Prout                  63C8            printf (?printf)
               calls direct




                ****************************************
                *                                      *
                *      SEGMENTS IN ADDRESS ORDER       *
                *                                      *
                ****************************************


SEGMENT              SPACE    START ADDRESS   END ADDRESS     SIZE  TYPE  ALIGN
=======              =====    =============   ===========     ====  ====  =====
DATA16_AN                              0102 - 0103               2   rel    0
                                       0140 - 0141               2 
                                       0144 - 0145               2 
                                       015C - 015D               2 
                                       0160 - 0169               A 
                                       016C - 016F               4 
                                       0202 - 0207               6 
                                       0218 - 021D               6 
                                       0220 - 0225               6 
                                       022A - 022B               2 
                                       024A - 024B               2 
                                       0340 - 0341               2 
                                       0350 - 0351               2 
                                       036E - 036F               2 
                                       0600 - 0601               2 
                                       0606 - 0608               3 
                                       060C - 060C               1 
                                       060E - 060E               1 
                                       061C - 061F               4 
DATA16_I                               2400 - 246A              6B   rel    1
DATA16_Z                               246C - 25C7             15C   rel    1
DATA20_N                                  25C8                       rel    1
DATA20_Z                                  25C8                       rel    1
CODE_I                                    25C8                       rel    1
DATA20_I                                  25C8                       rel    1
CSTACK                                 4360 - 43FF              A0   rel    1
DATA16_C                               4400 - 4431              32   rel    1
DATA16_ID                              4432 - 449C              6B   rel    1
CSTART                                 449E - 44C5              28   rel    1
ISR_CODE                               44C6 - 48BB             3F6   rel    1
<CODE> 1                               48BC - 64C5            1C0A   rel    1
DATA20_ID                                 64C6                       rel    1
CODE_ID                                   64C6                       rel    1
DATA20_C                                  64C6                       rel    1
INTVEC                                 FF80 - FFE9              6A   com    1
RESET                                  FFFE - FFFF               2   rel    1

                ****************************************
                *                                      *
                *        END OF CROSS REFERENCE        *
                *                                      *
                ****************************************

 8 340 bytes of CODE  memory
   615 bytes of DATA  memory (+ 61 absolute )
   157 bytes of CONST memory

Errors: none
Warnings: none

